源文件（不含 __pycache__）：102 个
备份侧对应文件：112 个（已排除 _keep 与 _ 开头归档文件）
逐字节一致：102 个
仅在源里：0  []
仅在备份里：10  ['_keep\\merge_all.db', '_keep\\wechat-cli\\all_keys.json', '_keep\\wechat-cli\\all_keys.json.bak_20261004_022139', '_keep\\wechat-cli\\all_keys.json.bak_20261004_022506', '_keep\\wechat-cli\\all_keys.json.bak_20261004_023858']
内容不一致：0
读取失败：0

关键文件抽查（源 == 备份？）：
   pywxdump\__init__.py  一致 ✅  4981a8f22279b72c…
   pywxdump\cli.py  一致 ✅  4eeeaecafc53e7df…
   pywxdump\wx_core\wx_info.py  一致 ✅  9fd4cd3faac10b2a…
   pywxdump\wx_core\wx4_prepare.py  一致 ✅  736ab268c4cbc752…
   pywxdump\wx_core\wx4_key_store.py  一致 ✅  48cd6744a53d4650…
   pywxdump\wx_core\wx4_xor_scan.py  一致 ✅  65695eee70b577c2…
   pywxdump\wx_core\get_bias_addr.py  一致 ✅  2ad725e1c20cdd75…
   pywxdump\api\local_server.py  一致 ✅  cd836735849545bf…

备份目录总体：116 个文件 / 535.03 MB
_keep 快照：8 个文件 / 419.75 MB
   __version__ = "4.0.0"
   __version_note__ = "wx4-adapted"      # 与上游 PyWxDump 3.x 不是同一条版本线
   "PublicMsgHandler", "start_server", "WX_OFFS", "WX_OFFS_PATH", "__version__"]
