
========================================================================================
① 版本号：3.1.46 → 4.0.0
========================================================================================
  [PASS] pywxdump.__version__ == '4.0.0'   4.0.0
  [PASS] 带 4.x 适配标记 __version_note__   wx4-adapted
  [PASS] wxdump -h 显示 PyWxDump v4.0.0   ['\x1b[36m========================== PyWxDump v4.0.0 ===========================\x1b[0m']
  [PASS] wxdump -h 明示『支持微信 4.x 内存取密钥』
  [PASS] wxdump -h 提示无需 --mode 4x --scan_mem
  [PASS] wxdump -h 声明只读（不注入/不 Hook）
  [PASS] 子命令帮助里 info 已标注默认内存取密钥
  [PASS] 子命令帮助里 bias 已标注默认内存取密钥
  [PASS] 全库没有残留的 3.1.46 版本号（只允许出现在说明注释里）

========================================================================================
② 默认参数：不带参数即自动识别 4.x 并走内存取密钥
========================================================================================
  [PASS] detect_wx_generation() 认出 4.x（Weixin.exe 在跑）   mode=4x, pids=[4848, 22616, 3424, 20500, 2096]
[*] 检测到微信 4.x 进程 Weixin.exe（pid [4848, 22616, 3424, 20500, 2096]）→ wxdump info 自动走 4.x 内存取密钥
[*] 4.x 默认开启只读内存取密钥（不需要密钥文件）；要关掉加 --no_scan_mem
  [PASS] auto_detect_mode_for(): auto + Weixin.exe → 4x 且默认开内存取密钥   (4x, True, True)
  [PASS] 显式 --mode 3x 仍可强制走老路径（不被 4.x 自动识别劫持）   (3x, False, True)
  [PASS] --mode 3x + 显式 --scan_mem 的组合可解析（不崩）   (3x, True, True)
[*] 检测到微信 4.x 进程 Weixin.exe（pid [4848, 22616, 3424, 20500, 2096]）→ wxdump info 自动走 4.x 内存取密钥
  [PASS] --no_scan_mem 能关掉内存取密钥（不出现在参数表）   (4x, False)
  [PASS] wxdump info（零参数）自动走 4.x 内存取密钥   ['[*] 检测到微信 4.x 进程 Weixin.exe（pid [4848, 22616, 3424, 20500, 2096]）→ wxdump info 自动走 4.x 内存取密钥', '[+] key_source: memory']
  [PASS] wxdump info 打印了昵称/wxid   ['[+] nickname: 聚客猫', '[+]     wxid: <新号wxid>']
  [PASS] wxdump bias（零参数）自动走 4.x 内存取密钥   ['[+] 密钥来源：Weixin.exe 只读内存扫描（17 把，无需密钥文件）', '[*] 共拿到 17 个库的密钥']
  [PASS] wxdump bias 打印掩码 + 各进程统计
  [PASS] wxdump bias 未写 WX_OFFS.json（4.x 无偏移）   2026-10-03 19:59:21

========================================================================================
③ 密钥落盘：回写自测 / 幂等 / 跨账号不串写
========================================================================================
  [PASS] 密钥落盘自测 6/6（更新/一致/拒写/另存/salt 修正/跨账号保护）   [+] 密钥落盘自测通过（6/6）
  [PASS] 再跑一次 info：密钥文件字节不变（幂等）   3784 B → 3784 B
  [PASS] 密钥文件每条都能对到某个账号的真库（key+salt 同源）   17/17 条通过真库 HMAC
  [PASS] salt 与 key 同源（修掉了历史脏数据）   17/17 条
[+] 密钥来源：密钥文件 C:\Users\Administrator\.wechat-cli\all_keys.json（17 把）
[+] 候选账号目录 14 个，正在用密钥校验……
    候选账号 <账号目录名>：HMAC 校验 0/12 命中，库最新写入 09-18 16:02
    候选账号 <账号目录名>：HMAC 校验 0/14 命中，库最新写入 09-18 16:02
    候选账号 <账号目录名>：HMAC 校验 0/17 命中，库最新写入 10-04 02:19
    候选账号 <账号目录名>：HMAC 校验 0/17 命中，库最新写入 09-22 00:33
    候选账号 <账号目录名>：HMAC 校验 0/15 命中，库最新写入 09-18 16:05
    候选账号 <账号目录名>：HMAC 校验 0/17 命中，库最新写入 09-18 21:13
    候选账号 <账号目录名>：HMAC 校验 0/17 命中，库最新写入 09-18 22:34
    候选账号 <账号目录名>：HMAC 校验 17/17 命中，库最新写入 10-04 02:24
    候选账号 <账号目录名>：HMAC 校验 0/17 命中，库最新写入 09-18 16:05
    候选账号 <账号目录名>：HMAC 校验 0/14 命中，库最新写入 09-18 16:05
    候选账号 <账号目录名>：HMAC 校验 0/17 命中，库最新写入 09-18 16:05
    候选账号 <账号目录名>：HMAC 校验 0/15 命中，库最新写入 09-18 16:05
    候选账号 <账号目录名>：HMAC 校验 0/17 命中，库最新写入 09-18 16:05
    候选账号 <账号目录名>：HMAC 校验 0/15 命中，库最新写入 09-18 16:05
[+] 账号目录：D:\xwechat_files\<账号目录名>（HMAC 校验 17/17 命中，库最新写入 2026-10-04 02:24）
[+] 解密库目录：D:\PyWxDump_Source\wxdump_work\decrypted_wx4\<账号目录名>（已存在，直接复用）
    本人 wxid 推断：<新号wxid>（contact 命中 1; Name2Id 命中 1）
  [PASS] 多账号共用密钥文件时能选出『正在登录』的账号（写库最新）   <账号目录名> / HMAC 校验 17/17 命中，库最新写入 2026-10-04 02:24
  [PASS] 别账号的账号限定条目被排除   跳过 0 条
  [PASS] 解密产物目录按账号隔离（不会串库）   D:\PyWxDump_Source\wxdump_work\decrypted_wx4\<账号目录名>

========================================================================================
④ 服务能起：ui/api 启动即自动准备，接口有数据
========================================================================================
  [PASS] 服务成功启动（启动即自动准备，含内存取密钥 + 解密）   耗时 3.1s，端口 17950
  [PASS] 启动过程走了 4.x 自动准备   ['[+] 4.x 自动初始化完成：wxid=<新号wxid>']
  [PASS] /api/rs/is_init 为 True（前端不再要求手填路径）
  [PASS] /api/rs/version 返回 4.0.0
  [PASS] /api/rs/user_session_list 有会话   19 个
  [PASS] /api/rs/user_list 有联系人（联系人画像不再是 0）   125 个
  [PASS] 聊天记录能读出来（<群ID>）   3 条
  [PASS] 消息字段齐全（含 is_sender / type_name / msg）   id,MsgSvrID,type_name,is_sender,talker,room_name,msg,src,extra,CreateTime
  [PASS] 消息类型标签已渲染（非空）   (分享)卡片式链接

========================================================================================
⑤ 硬约束：3.x 老路径未被破坏（MSG 表 / merge_all.db 走老逻辑）
========================================================================================
  [PASS] 3.x 形态库（有 MSG 表）仍按老逻辑打开（is_wx4=False）   DatabaseBase is_wx4=False
required_tables=['PublicMsg']
self.existed_tables=['msg', 'contact', 'contactheadimgurl', 'session', 'chatinfo', 'contactlabel', 'chatroom', 'chatroominfo', 'media', 'openimmedia', 'openimcontact', 'feedsv20']
rbool=False
  [PASS] 3.x 老路径仍可用：merge_all.db 走 MSG 表读消息   MSG 共 594764 行 / 1524 个会话；取最活跃会话 <他人wxid> 读到 3 条；首条 CreateTime=2021-08-05 20:12:55
  [PASS] 3.x 库 is_wx4=False（不会被 4.x 分支劫持）   is_wx4=False

========================================================================================
汇总
========================================================================================
总判定：38 项通过 / 0 项失败
全部通过 ✅  —— PyWxDump 4.0.0（微信 4.x 适配版）可用于发布
